// Jest Snapshot v1, https://goo.gl/fbAQLP

exports[`Pruebas en <FirstApp /> Debe hacer match con el snapshot 1`] = `
<div>
  <h1>
    Hola mundo
  </h1>
  <h2>
    Hello world!
  </h2>
  <p>
    Santiago Betancur - Not from parent
  </p>
  <h3>
    32.1
  </h3>
</div>
`;
