// Jest Snapshot v1, https://goo.gl/fbAQLP

exports[`Pruebas en <FirstApp2 /> Debe hacer match con el snapshot 1`] = `undefined`;
