// Jest Snapshot v1, https://goo.gl/fbAQLP

exports[`Pruebas en <GifItem /> Deber√≠a hacer match con el snapshot  1`] = `
<div>
  <div
    class="card"
  >
    <img
      alt="Shinji"
      src="https://eva.com/eva.png"
    />
    <h4>
      Shinji
    </h4>
  </div>
</div>
`;
