// Jest Snapshot v1, https://goo.gl/fbAQLP

exports[`Pruebas para CounterApp Deberia hacer el match con el snapshot 1`] = `undefined`;
